[    3550ms] [WARNING] Unrecognized feature: 'speaker-selection'. @ https://meet2.emdr-platform.com/external_api.js:0
[    3639ms] [LOG] (TIME) index.html loaded:	 88 @ https://meet2.emdr-platform.com/CODE8928-038437145d3516056c6463a235d9b5312f9cTEST9ml96?lang=nl:71
[    4348ms] [INFO] 2026-08-19T11:01:17.607Z [INFO] [app:redux] <Object.persistState>:  redux state persisted. 99914b932bd37a50b983c5e7c90ae93b -> ac7bd4cfb6c8491801d83411fac5dba1 @ https://meet2.emdr-platform.com/libs/app.bundle.min.js?v=8821:1
[    4351ms] [WARNING] 2026-08-19T11:01:17.610Z [WARN] [app:sounds] PLAY_SOUND: no sound found for id: RECORDING_OFF_SOUND @ https://meet2.emdr-platform.com/libs/app.bundle.min.js?v=8821:1
[    4379ms] [INFO] 2026-08-19T11:01:17.638Z [INFO] [app:config] Extending config with: {"disableAddingBackgroundImages":true,"disableAudioLevels":false,"disableDeepLinking":true,"disableLocalVideoFlip":true,"disableProfile":true,"disableRemoteMute":true,"disableSelfViewSettings":true,"disableThirdPartyRequests":true,"enableSaveLogs":false,"enableNoisyMicDetection":false,"filmstrip":{"disableResizable":true},"hideConferenceSubject":true,"hideConferenceTimer":true,"maxFullResolutionParticipants":-1,"requireDisplayName":false,"remoteVideoMenu":{"disabled":true},"toolbarButtons":["microphone","camera","__end"],"toolbarConfig":{"alwaysVisible":true}} @ https://meet2.emdr-platform.com/libs/app.bundle.min.js?v=8821:1
[    4379ms] [INFO] 2026-08-19T11:01:17.639Z [INFO] [app:config] Extending interfaceConfig with: {"CONNECTION_INDICATOR_DISABLED":true,"DEFAULT_BACKGROUND":"#000000","DISABLE_PRESENCE_STATUS":true,"DISABLE_JOIN_LEAVE_NOTIFICATIONS":true,"DEFAULT_LOCAL_DISPLAY_NAME":"microfoon","DEFAULT_REMOTE_DISPLAY_NAME":"behandelaar","DISABLE_DOMINANT_SPEAKER_INDICATOR":false,"DISABLE_FOCUS_INDICATOR":true,"LANG_DETECTION":false,"TOOLBAR_ALWAYS_VISIBLE":true,"VIDEO_QUALITY_LABEL_DISABLED":true} @ https://meet2.emdr-platform.com/libs/app.bundle.min.js?v=8821:1
[    4384ms] [INFO] 2026-08-19T11:01:17.643Z [INFO] [core:JitsiMeetJS] <Object.init>:  This appears to be chrome, ver: 151.0.0.0 @ https://meet2.emdr-platform.com/libs/lib-jitsi-meet.min.js?v=8821:1
[    4385ms] [INFO] 2026-08-19T11:01:17.644Z [INFO] [stats:LocalStatsCollector] <Un.connectAudioContext>:  Connecting audio context @ https://meet2.emdr-platform.com/libs/lib-jitsi-meet.min.js?v=8821:1
[    4428ms] [WARNING] 2026-08-19T11:01:17.687Z [WARN] [core:JitsiMeetJS] <Object.init>:  Analytics disabled, disposing. @ https://meet2.emdr-platform.com/libs/lib-jitsi-meet.min.js?v=8821:1
[    4432ms] [INFO] 2026-08-19T11:01:17.691Z [INFO] [app:lib-jitsi-meet] lib-jitsi-meet version: 518cec5f @ https://meet2.emdr-platform.com/libs/app.bundle.min.js?v=8821:1
[    4432ms] [INFO] 2026-08-19T11:01:17.692Z [INFO] [app:lib-jitsi-meet] User Agent: Mozilla/5.0 (X11; Linux x86_64) AppleWebKit/537.36 (KHTML, like Gecko) Chrome/151.0.0.0 Safari/537.36 @ https://meet2.emdr-platform.com/libs/app.bundle.min.js?v=8821:1
[    4435ms] [LOG] 2026-08-19T11:01:17.694Z [LOG] [app:media] Start muted:  @ https://meet2.emdr-platform.com/libs/app.bundle.min.js?v=8821:1
[    4436ms] [LOG] 2026-08-19T11:01:17.695Z [LOG] [app:media] Start audio only set to false @ https://meet2.emdr-platform.com/libs/app.bundle.min.js?v=8821:1
[    4493ms] [LOG] 2026-08-19T11:01:17.752Z [LOG] [app:index.web] <HTMLDocument.<anonymous>>:  (TIME) document ready:	 941.8000001907349 @ https://meet2.emdr-platform.com/libs/app.bundle.min.js?v=8821:1
[    4515ms] [INFO] 2026-08-19T11:01:17.775Z [INFO] [rtc:RTCUtils] <Zr._onMediaDevicesListChanged>:  list of media devices has changed: [InputDeviceInfo, InputDeviceInfo, MediaDeviceInfo] @ https://meet2.emdr-platform.com/libs/lib-jitsi-meet.min.js?v=8821:1
[    4582ms] [INFO] 2026-08-19T11:01:17.841Z [INFO] [app:conference-web] <Object.init>:  Dispatching connect from init since prejoin is not visible. @ https://meet2.emdr-platform.com/libs/app.bundle.min.js?v=8821:1
[    4584ms] [LOG] 2026-08-19T11:01:17.843Z [LOG] [app:connection] Using service URL wss://meet2.emdr-platform.com/xmpp-websocket @ https://meet2.emdr-platform.com/libs/app.bundle.min.js?v=8821:1
[    4585ms] [INFO] 2026-08-19T11:01:17.845Z [INFO] [xmpp:Moderator] <new Zd>:  Using xmpp for conference requests. @ https://meet2.emdr-platform.com/libs/lib-jitsi-meet.min.js?v=8821:1
[    4586ms] [INFO] 2026-08-19T11:01:17.846Z [INFO] [xmpp:Xmpp] <El._initStrophePlugins>:  P2P STUN servers:  [Object] @ https://meet2.emdr-platform.com/libs/lib-jitsi-meet.min.js?v=8821:1
[    4596ms] [INFO] 2026-08-19T11:01:17.856Z [INFO] [xmpp:Xmpp] <El.connectionHandler>:  (TIME) Strophe connecting:	 1044.2000000476837 @ https://meet2.emdr-platform.com/libs/lib-jitsi-meet.min.js?v=8821:1
[    4601ms] [INFO] 2026-08-19T11:01:17.860Z [INFO] [rtc:RTCUtils] <Zr.<anonymous>>:  Got media constraints:  {"video":{"frameRate":{"max":30,"min":15}},"audio":{"autoGainControl":true,"echoCancellation":true,"noiseSuppression":true}} @ https://meet2.emdr-platform.com/libs/lib-jitsi-meet.min.js?v=8821:1
[    4660ms] [LOG] (TIME) window loaded event:	 1108.9000000953674 @ https://meet2.emdr-platform.com/CODE8928-038437145d3516056c6463a235d9b5312f9cTEST9ml96?lang=nl:74
[    4778ms] [INFO] 2026-08-19T11:01:18.037Z [INFO] [xmpp:XmppConnection] <zd._maybeEnableStreamResume>:  Enabling XEP-0198 stream management @ https://meet2.emdr-platform.com/libs/lib-jitsi-meet.min.js?v=8821:1
[    4778ms] [INFO] 2026-08-19T11:01:18.038Z [INFO] [xmpp:XmppConnection] <zd._maybeStartWSKeepAlive>:  WebSocket keep alive interval: 60000ms @ https://meet2.emdr-platform.com/libs/lib-jitsi-meet.min.js?v=8821:1
[    4779ms] [INFO] 2026-08-19T11:01:18.038Z [INFO] [xmpp:strophe.ping] <Gd.startInterval>:  XMPP pings will be sent every 10000 ms @ https://meet2.emdr-platform.com/libs/lib-jitsi-meet.min.js?v=8821:1
[    4779ms] [INFO] 2026-08-19T11:01:18.038Z [INFO] [xmpp:Xmpp] <El.connectionHandler>:  (TIME) Strophe connected:	 1227.5 @ https://meet2.emdr-platform.com/libs/lib-jitsi-meet.min.js?v=8821:1
[    4779ms] [INFO] 2026-08-19T11:01:18.039Z [INFO] [xmpp:Xmpp] <El.connectionHandler>:  My Jabber ID: 121ccfc6-c7c4-4ab7-9d94-89110aafdbb7@meet2.emdr-platform.com/7j8Th202vd3H @ https://meet2.emdr-platform.com/libs/lib-jitsi-meet.min.js?v=8821:1
[    4780ms] [INFO] 2026-08-19T11:01:18.039Z [INFO] [app:dialog] <qw>:  Hide dialog: s5 @ https://meet2.emdr-platform.com/libs/app.bundle.min.js?v=8821:1
[    6340ms] [INFO] 2026-08-19T11:01:19.600Z [INFO] [app:redux] <Object.persistState>:  redux state persisted. ac7bd4cfb6c8491801d83411fac5dba1 -> 674e4b7c91b00e72452eaf8623886c69 @ https://meet2.emdr-platform.com/libs/app.bundle.min.js?v=8821:1
[   10889ms] [INFO] 2026-08-19T11:01:24.149Z [INFO] [xmpp:Xmpp] <El.disconnect>:  XMPP disconnect triggered by the event=unload @ https://meet2.emdr-platform.com/libs/lib-jitsi-meet.min.js?v=8821:1
[   10889ms] [INFO] 2026-08-19T11:01:24.149Z [INFO] [xmpp:Xmpp] <El.connectionHandler>:  (TIME) Strophe disconnecting:	 7338.200000047684 @ https://meet2.emdr-platform.com/libs/lib-jitsi-meet.min.js?v=8821:1
[   11037ms] [INFO] [2026-08-19T11:01:24.297Z] Information: WebSocket connected to wss://hub.emdr-platform.com/liveHub?id=fyxmPyp788IOHra1hdKEmA. @ https://emdr-platform.nl/signalr.min.7.0.2.js:0
[   14807ms] [LOG] (TIME) index.html loaded:	 48.200000047683716 @ https://meet2.emdr-platform.com/CODE8928-038437145d3516056c6463a235d9b5312f9c?lang=nl:71
[   15485ms] [INFO] 2026-08-19T11:01:28.744Z [INFO] [app:redux] <Object.persistState>:  redux state persisted. c68291f4b91c463d0bfc9a4caf342afc -> 674e4b7c91b00e72452eaf8623886c69 @ https://meet2.emdr-platform.com/libs/app.bundle.min.js?v=8821:1
[   15487ms] [WARNING] 2026-08-19T11:01:28.747Z [WARN] [app:sounds] PLAY_SOUND: no sound found for id: RECORDING_OFF_SOUND @ https://meet2.emdr-platform.com/libs/app.bundle.min.js?v=8821:1
[   15513ms] [INFO] 2026-08-19T11:01:28.773Z [INFO] [app:config] Extending config with: {"disableAddingBackgroundImages":true,"disableAudioLevels":false,"disableDeepLinking":true,"disableLocalVideoFlip":true,"disableProfile":true,"disableRemoteMute":true,"disableSelfViewSettings":true,"disableThirdPartyRequests":true,"enableSaveLogs":false,"enableNoisyMicDetection":false,"filmstrip":{"disableResizable":true},"hideConferenceSubject":true,"hideConferenceTimer":true,"maxFullResolutionParticipants":-1,"requireDisplayName":false,"remoteVideoMenu":{"disabled":true},"toolbarButtons":["microphone","camera","__end"],"toolbarConfig":{"initialTimeout":4000,"timeout":2000}} @ https://meet2.emdr-platform.com/libs/app.bundle.min.js?v=8821:1
[   15514ms] [INFO] 2026-08-19T11:01:28.773Z [INFO] [app:config] Extending interfaceConfig with: {"CONNECTION_INDICATOR_DISABLED":true,"DEFAULT_BACKGROUND":"#42806B","DISABLE_PRESENCE_STATUS":true,"DISABLE_JOIN_LEAVE_NOTIFICATIONS":true,"DEFAULT_LOCAL_DISPLAY_NAME":"ik","DEFAULT_REMOTE_DISPLAY_NAME":"behandelaar","DISABLE_DOMINANT_SPEAKER_INDICATOR":true,"DISABLE_FOCUS_INDICATOR":true,"LANG_DETECTION":false,"VIDEO_QUALITY_LABEL_DISABLED":true} @ https://meet2.emdr-platform.com/libs/app.bundle.min.js?v=8821:1
[   15519ms] [INFO] 2026-08-19T11:01:28.778Z [INFO] [core:JitsiMeetJS] <Object.init>:  This appears to be chrome, ver: 151.0.0.0 @ https://meet2.emdr-platform.com/libs/lib-jitsi-meet.min.js?v=8821:1
[   15520ms] [INFO] 2026-08-19T11:01:28.779Z [INFO] [stats:LocalStatsCollector] <Un.connectAudioContext>:  Connecting audio context @ https://meet2.emdr-platform.com/libs/lib-jitsi-meet.min.js?v=8821:1
[   15522ms] [WARNING] 2026-08-19T11:01:28.781Z [WARN] [core:JitsiMeetJS] <Object.init>:  Analytics disabled, disposing. @ https://meet2.emdr-platform.com/libs/lib-jitsi-meet.min.js?v=8821:1
[   15525ms] [INFO] 2026-08-19T11:01:28.784Z [INFO] [app:lib-jitsi-meet] lib-jitsi-meet version: 518cec5f @ https://meet2.emdr-platform.com/libs/app.bundle.min.js?v=8821:1
[   15526ms] [INFO] 2026-08-19T11:01:28.785Z [INFO] [app:lib-jitsi-meet] User Agent: Mozilla/5.0 (X11; Linux x86_64) AppleWebKit/537.36 (KHTML, like Gecko) Chrome/151.0.0.0 Safari/537.36 @ https://meet2.emdr-platform.com/libs/app.bundle.min.js?v=8821:1
[   15529ms] [LOG] 2026-08-19T11:01:28.788Z [LOG] [app:media] Start muted:  @ https://meet2.emdr-platform.com/libs/app.bundle.min.js?v=8821:1
[   15530ms] [LOG] 2026-08-19T11:01:28.789Z [LOG] [app:media] Start audio only set to false @ https://meet2.emdr-platform.com/libs/app.bundle.min.js?v=8821:1
[   15584ms] [LOG] 2026-08-19T11:01:28.843Z [LOG] [app:index.web] <HTMLDocument.<anonymous>>:  (TIME) document ready:	 825.3000001907349 @ https://meet2.emdr-platform.com/libs/app.bundle.min.js?v=8821:1
[   15604ms] [INFO] 2026-08-19T11:01:28.864Z [INFO] [rtc:RTCUtils] <Zr._onMediaDevicesListChanged>:  list of media devices has changed: [InputDeviceInfo, InputDeviceInfo, InputDeviceInfo, InputDeviceInfo, MediaDeviceInfo, MediaDeviceInfo, MediaDeviceInfo] @ https://meet2.emdr-platform.com/libs/lib-jitsi-meet.min.js?v=8821:1
[   15700ms] [INFO] 2026-08-19T11:01:28.959Z [INFO] [app:conference-web] <Object.init>:  Dispatching connect from init since prejoin is not visible. @ https://meet2.emdr-platform.com/libs/app.bundle.min.js?v=8821:1
[   15702ms] [LOG] 2026-08-19T11:01:28.961Z [LOG] [app:connection] Using service URL wss://meet2.emdr-platform.com/xmpp-websocket @ https://meet2.emdr-platform.com/libs/app.bundle.min.js?v=8821:1
[   15704ms] [INFO] 2026-08-19T11:01:28.964Z [INFO] [xmpp:Moderator] <new Zd>:  Using xmpp for conference requests. @ https://meet2.emdr-platform.com/libs/lib-jitsi-meet.min.js?v=8821:1
[   15706ms] [INFO] 2026-08-19T11:01:28.965Z [INFO] [xmpp:Xmpp] <El._initStrophePlugins>:  P2P STUN servers:  [Object] @ https://meet2.emdr-platform.com/libs/lib-jitsi-meet.min.js?v=8821:1
[   15714ms] [INFO] 2026-08-19T11:01:28.973Z [INFO] [xmpp:Xmpp] <El.connectionHandler>:  (TIME) Strophe connecting:	 954.4000000953674 @ https://meet2.emdr-platform.com/libs/lib-jitsi-meet.min.js?v=8821:1
[   15716ms] [INFO] 2026-08-19T11:01:28.975Z [INFO] [rtc:RTCUtils] <Zr.<anonymous>>:  Got media constraints:  {"video":{"frameRate":{"max":30,"min":15}},"audio":{"autoGainControl":true,"echoCancellation":true,"noiseSuppression":true}} @ https://meet2.emdr-platform.com/libs/lib-jitsi-meet.min.js?v=8821:1
[   15756ms] [LOG] (TIME) window loaded event:	 997.1000001430511 @ https://meet2.emdr-platform.com/CODE8928-038437145d3516056c6463a235d9b5312f9c?lang=nl:74
[   15896ms] [INFO] 2026-08-19T11:01:29.155Z [INFO] [xmpp:XmppConnection] <zd._maybeEnableStreamResume>:  Enabling XEP-0198 stream management @ https://meet2.emdr-platform.com/libs/lib-jitsi-meet.min.js?v=8821:1
[   15896ms] [INFO] 2026-08-19T11:01:29.155Z [INFO] [xmpp:XmppConnection] <zd._maybeStartWSKeepAlive>:  WebSocket keep alive interval: 60000ms @ https://meet2.emdr-platform.com/libs/lib-jitsi-meet.min.js?v=8821:1
[   15896ms] [INFO] 2026-08-19T11:01:29.156Z [INFO] [xmpp:strophe.ping] <Gd.startInterval>:  XMPP pings will be sent every 10000 ms @ https://meet2.emdr-platform.com/libs/lib-jitsi-meet.min.js?v=8821:1
[   15896ms] [INFO] 2026-08-19T11:01:29.156Z [INFO] [xmpp:Xmpp] <El.connectionHandler>:  (TIME) Strophe connected:	 1137.9000000953674 @ https://meet2.emdr-platform.com/libs/lib-jitsi-meet.min.js?v=8821:1
[   15897ms] [INFO] 2026-08-19T11:01:29.156Z [INFO] [xmpp:Xmpp] <El.connectionHandler>:  My Jabber ID: d045dfad-8021-4a91-9db2-a1a1edf99cd6@meet2.emdr-platform.com/OP0aqCFatSB3 @ https://meet2.emdr-platform.com/libs/lib-jitsi-meet.min.js?v=8821:1
[   15897ms] [INFO] 2026-08-19T11:01:29.157Z [INFO] [app:dialog] <qw>:  Hide dialog: s5 @ https://meet2.emdr-platform.com/libs/app.bundle.min.js?v=8821:1
[   16106ms] [INFO] 2026-08-19T11:01:29.366Z [INFO] [rtc:RTCUtils] onUserMediaSuccess @ https://meet2.emdr-platform.com/libs/lib-jitsi-meet.min.js?v=8821:1
[   16111ms] [INFO] 2026-08-19T11:01:29.370Z [INFO] [settings:Settings] generated stats id Erna-RaH @ https://meet2.emdr-platform.com/libs/lib-jitsi-meet.min.js?v=8821:1
[   16111ms] [INFO] 2026-08-19T11:01:29.371Z [INFO] [xmpp:Xmpp] <El.createRoom>:  JID d045dfad-8021-4a91-9db2-a1a1edf99cd6@meet2.emdr-platform.com/OP0aqCFatSB3 using MUC nickname d045dfad @ https://meet2.emdr-platform.com/libs/lib-jitsi-meet.min.js?v=8821:1
[   16111ms] [INFO] 2026-08-19T11:01:29.371Z [INFO] [xmpp:ChatRoom] <new Cc>:  Joining MUC as code8928-038437145d3516056c6463a235d9b5312f9c@conference.meet2.emdr-platform.com/d045dfad @ https://meet2.emdr-platform.com/libs/lib-jitsi-meet.min.js?v=8821:1
[   16118ms] [INFO] 2026-08-19T11:01:29.378Z [INFO] [qc:CodecSelection] <new nu>:  Codec preference order for jvb connection is av1,vp9,vp8,h264 @ https://meet2.emdr-platform.com/libs/lib-jitsi-meet.min.js?v=8821:1
[   16119ms] [INFO] 2026-08-19T11:01:29.378Z [INFO] [qc:CodecSelection] <new nu>:  Codec preference order for p2p connection is av1,vp9,vp8,h264 @ https://meet2.emdr-platform.com/libs/lib-jitsi-meet.min.js?v=8821:1
[   16120ms] [INFO] 2026-08-19T11:01:29.380Z [INFO] [stats:AvgRTPStatsReporter] <new Du>:  Avg RTP stats will be calculated every 15 samples @ https://meet2.emdr-platform.com/libs/lib-jitsi-meet.min.js?v=8821:1
[   16121ms] [INFO] 2026-08-19T11:01:29.380Z [INFO] [core:JitsiConference] <new Zu>:  backToP2PDelay: 5 @ https://meet2.emdr-platform.com/libs/lib-jitsi-meet.min.js?v=8821:1
[   16121ms] [INFO] 2026-08-19T11:01:29.380Z [INFO] [core:JitsiConference] <new Zu>:  End-to-End Encryption is supported @ https://meet2.emdr-platform.com/libs/lib-jitsi-meet.min.js?v=8821:1
[   16126ms] [INFO] 2026-08-19T11:01:29.386Z [INFO] [app:jwt] JWT avatarURL temporarily not loaded till jwt is verified on connect @ https://meet2.emdr-platform.com/libs/app.bundle.min.js?v=8821:1
[   16130ms] [INFO] 2026-08-19T11:01:29.389Z [INFO] [app:dialog] <qw>:  Hide dialog:  @ https://meet2.emdr-platform.com/libs/app.bundle.min.js?v=8821:1
[   16132ms] [INFO] 2026-08-19T11:01:29.392Z [INFO] [core:JitsiConference] <Zu._doReplaceTrack>:  _doReplaceTrack - no JVB JingleSession @ https://meet2.emdr-platform.com/libs/lib-jitsi-meet.min.js?v=8821:1
[   16133ms] [INFO] 2026-08-19T11:01:29.392Z [INFO] [core:JitsiConference] <Zu._doReplaceTrack>:  _doReplaceTrack - no P2P JingleSession @ https://meet2.emdr-platform.com/libs/lib-jitsi-meet.min.js?v=8821:1
[   16134ms] [INFO] 2026-08-19T11:01:29.393Z [INFO] [core:JitsiConference] <Zu._doReplaceTrack>:  _doReplaceTrack - no JVB JingleSession @ https://meet2.emdr-platform.com/libs/lib-jitsi-meet.min.js?v=8821:1
[   16134ms] [INFO] 2026-08-19T11:01:29.393Z [INFO] [core:JitsiConference] <Zu._doReplaceTrack>:  _doReplaceTrack - no P2P JingleSession @ https://meet2.emdr-platform.com/libs/lib-jitsi-meet.min.js?v=8821:1
[   16135ms] [INFO] 2026-08-19T11:01:29.394Z [INFO] [xmpp:Moderator] Sending conference request over XMPP to focus.meet2.emdr-platform.com @ https://meet2.emdr-platform.com/libs/lib-jitsi-meet.min.js?v=8821:1
[   16135ms] [INFO] 2026-08-19T11:01:29.395Z [INFO] [settings:Settings] generated id 6d1b1234246d4d65a20260e01f24c96c @ https://meet2.emdr-platform.com/libs/lib-jitsi-meet.min.js?v=8821:1
[   16138ms] [LOG] 2026-08-19T11:01:29.397Z [LOG] [app:tracks] Replace audio track - unmuted @ https://meet2.emdr-platform.com/libs/app.bundle.min.js?v=8821:1
[   16146ms] [INFO] 2026-08-19T11:01:29.405Z [INFO] [app:settings] switched local audio input device to: default @ https://meet2.emdr-platform.com/libs/app.bundle.min.js?v=8821:1
[   16146ms] [LOG] 2026-08-19T11:01:29.405Z [LOG] [app:tracks] Adding video track - unmuted @ https://meet2.emdr-platform.com/libs/app.bundle.min.js?v=8821:1
[   16154ms] [INFO] 2026-08-19T11:01:29.414Z [INFO] [app:settings] switched local video device to: 185937caff9b777f608b5290944acda2a8d1a7ae9f32e67c7e131ef276907ad2 @ https://meet2.emdr-platform.com/libs/app.bundle.min.js?v=8821:1
[   16157ms] [LOG] 2026-08-19T11:01:29.417Z [LOG] [app:conference-web] Initialized with 2 local tracks @ https://meet2.emdr-platform.com/libs/app.bundle.min.js?v=8821:1
[   16201ms] [INFO] 2026-08-19T11:01:29.460Z [INFO] [xmpp:Moderator] <Zd._handleSuccess>:  Adding focus JID: focus@auth.meet2.emdr-platform.com @ https://meet2.emdr-platform.com/libs/lib-jitsi-meet.min.js?v=8821:1
[   16201ms] [INFO] 2026-08-19T11:01:29.460Z [INFO] [xmpp:Moderator] <Zd._handleSuccess>:  Authentication enabled: false @ https://meet2.emdr-platform.com/libs/lib-jitsi-meet.min.js?v=8821:1
[   16201ms] [INFO] 2026-08-19T11:01:29.460Z [INFO] [xmpp:Moderator] <Zd._handleSuccess>:  Sip gateway enabled: undefined @ https://meet2.emdr-platform.com/libs/lib-jitsi-meet.min.js?v=8821:1
[   16201ms] [INFO] 2026-08-19T11:01:29.460Z [INFO] [xmpp:Moderator] <Zd._handleSuccess>:  Conference-request successful, ready to join the MUC. @ https://meet2.emdr-platform.com/libs/lib-jitsi-meet.min.js?v=8821:1
[   16221ms] [INFO] 2026-08-19T11:01:29.480Z [INFO] [xmpp:ChatRoom] <Cc.onPresence>:  (TIME) MUC join started:	 1462.2000000476837 @ https://meet2.emdr-platform.com/libs/lib-jitsi-meet.min.js?v=8821:1
[   16223ms] [INFO] 2026-08-19T11:01:29.482Z [INFO] [xmpp:ChatRoom] <Cc.onPresence>:  entered code8928-038437145d3516056c6463a235d9b5312f9c@conference.meet2.emdr-platform.com/focus {isReplaceParticipant: 0, affiliation: owner, role: moderator, jid: focus@auth.meet2.emdr-platform.com/focus, isFocus: true} @ https://meet2.emdr-platform.com/libs/lib-jitsi-meet.min.js?v=8821:1
[   16224ms] [INFO] 2026-08-19T11:01:29.483Z [INFO] [misc:ComponentsVersions] Got focus version: 1.0.1161 @ https://meet2.emdr-platform.com/libs/lib-jitsi-meet.min.js?v=8821:1
[   16225ms] [INFO] 2026-08-19T11:01:29.485Z [INFO] [core:JitsiConference] <Zu._updateProperties>:  Audio unmute permissions set by Jicofo to false @ https://meet2.emdr-platform.com/libs/lib-jitsi-meet.min.js?v=8821:1
[   16226ms] [INFO] 2026-08-19T11:01:29.486Z [INFO] [core:JitsiConference] <Zu._updateProperties>:  Video unmute permissions set by Jicofo to false @ https://meet2.emdr-platform.com/libs/lib-jitsi-meet.min.js?v=8821:1
[   16228ms] [INFO] 2026-08-19T11:01:29.488Z [INFO] [xmpp:ChatRoom] <Cc.onPresence>:  (TIME) MUC joined:	 1469.6000001430511 @ https://meet2.emdr-platform.com/libs/lib-jitsi-meet.min.js?v=8821:1
[   16233ms] [INFO] 2026-08-19T11:01:29.492Z [INFO] [app:dialog] <qw>:  Hide dialog: s5 @ https://meet2.emdr-platform.com/libs/app.bundle.min.js?v=8821:1
[   16235ms] [INFO] 2026-08-19T11:01:29.494Z [INFO] [app:dialog] <qw>:  Hide dialog: xoe @ https://meet2.emdr-platform.com/libs/app.bundle.min.js?v=8821:1
[   16245ms] [INFO] 2026-08-19T11:01:29.505Z [INFO] [app:conference-web] <vn.<anonymous>>:  My role changed, new role: participant @ https://meet2.emdr-platform.com/libs/app.bundle.min.js?v=8821:1
[   16250ms] [INFO] 2026-08-19T11:01:29.510Z [INFO] [xmpp:ChatRoom] <Cc.onMessage>:  Subject is changed to  @ https://meet2.emdr-platform.com/libs/lib-jitsi-meet.min.js?v=8821:1
[   16261ms] [INFO] 2026-08-19T11:01:29.520Z [INFO] [app:conference-web] <vn.<anonymous>>:  My role changed, new role: moderator @ https://meet2.emdr-platform.com/libs/app.bundle.min.js?v=8821:1
[   17814ms] [INFO] 2026-08-19T11:01:31.074Z [INFO] [xmpp:ChatRoom] <Cc.onPresence>:  entered code8928-038437145d3516056c6463a235d9b5312f9c@conference.meet2.emdr-platform.com/d0755820 {isReplaceParticipant: 0, affiliation: none, role: participant, jid: d0755820-9a00-4188-b3a1-2f1eb69ad89e@meet2.emdr-platform.com/VgZkZKM2JgKk, isFocus: false} @ https://meet2.emdr-platform.com/libs/lib-jitsi-meet.min.js?v=8821:1
[   17826ms] [LOG] 2026-08-19T11:01:31.085Z [LOG] [app:conference-web] <vn.<anonymous>>:  USER d0755820 connected: fr @ https://meet2.emdr-platform.com/libs/app.bundle.min.js?v=8821:1
[   17827ms] [INFO] 2026-08-19T11:01:31.086Z [INFO] [core:JitsiConference] <Zu._maybeStartOrStopP2P>:  Will start P2P with: code8928-038437145d3516056c6463a235d9b5312f9c@conference.meet2.emdr-platform.com/d0755820 @ https://meet2.emdr-platform.com/libs/lib-jitsi-meet.min.js?v=8821:1
[   17828ms] [INFO] 2026-08-19T11:01:31.087Z [INFO] [core:JitsiConference] <Zu._startP2PSession>:  Created new P2P JingleSession code8928-038437145d3516056c6463a235d9b5312f9c@conference.meet2.emdr-platform.com/d045dfad code8928-038437145d3516056c6463a235d9b5312f9c@conference.meet2.emdr-platform.com/d0755820 @ https://meet2.emdr-platform.com/libs/lib-jitsi-meet.min.js?v=8821:1
[   17832ms] [INFO] 2026-08-19T11:01:31.092Z [INFO] [rtc:TraceablePeerConnection] <new Sa>:  Using RTCRtpTransceiver#setCodecPreferences for codec selection @ https://meet2.emdr-platform.com/libs/lib-jitsi-meet.min.js?v=8821:1
[   17833ms] [INFO] 2026-08-19T11:01:31.092Z [INFO] [rtc:TraceablePeerConnection] <new Sa>:  Create new TPC[id=1,type=P2P] @ https://meet2.emdr-platform.com/libs/lib-jitsi-meet.min.js?v=8821:1
[   17833ms] [INFO] 2026-08-19T11:01:31.093Z [INFO] [rtc:TraceablePeerConnection] <Sa.addTrack>:  TPC[id=1,type=P2P] adding LocalTrack[1,audio] @ https://meet2.emdr-platform.com/libs/lib-jitsi-meet.min.js?v=8821:1
[   17836ms] [INFO] 2026-08-19T11:01:31.096Z [INFO] [rtc:TraceablePeerConnection] <Sa.addTrack>:  TPC[id=1,type=P2P] adding LocalTrack[2,video] @ https://meet2.emdr-platform.com/libs/lib-jitsi-meet.min.js?v=8821:1
[   17872ms] [INFO] 2026-08-19T11:01:31.131Z [INFO] [xmpp:strophe.jingle] <nl.onJingle>:  Found a JSON-encoded element in session-initiate, translating to standard Jingle. @ https://meet2.emdr-platform.com/libs/lib-jitsi-meet.min.js?v=8821:1
[   17872ms] [INFO] 2026-08-19T11:01:31.132Z [INFO] [xmpp:strophe.jingle] <nl.onJingle>:  (TIME) received session-initiate:	 3113.100000143051 @ https://meet2.emdr-platform.com/libs/lib-jitsi-meet.min.js?v=8821:1
[   17874ms] [INFO] 2026-08-19T11:01:31.133Z [INFO] [rtc:TraceablePeerConnection] <new Sa>:  Using RTCRtpTransceiver#setCodecPreferences for codec selection @ https://meet2.emdr-platform.com/libs/lib-jitsi-meet.min.js?v=8821:1
[   17874ms] [INFO] 2026-08-19T11:01:31.133Z [INFO] [rtc:TraceablePeerConnection] <new Sa>:  Create new TPC[id=2,type=JVB] @ https://meet2.emdr-platform.com/libs/lib-jitsi-meet.min.js?v=8821:1
[   17874ms] [INFO] 2026-08-19T11:01:31.134Z [INFO] [core:JitsiConference] <Zu._setBridgeChannel>:  SCTP: offered=true, prefered=true @ https://meet2.emdr-platform.com/libs/lib-jitsi-meet.min.js?v=8821:1
[   17876ms] [INFO] 2026-08-19T11:01:31.135Z [INFO] [rtc:TraceablePeerConnection] <Sa.addTrack>:  TPC[id=2,type=JVB] adding LocalTrack[1,audio] @ https://meet2.emdr-platform.com/libs/lib-jitsi-meet.min.js?v=8821:1
[   17876ms] [INFO] 2026-08-19T11:01:31.136Z [INFO] [rtc:TraceablePeerConnection] <Sa.addTrack>:  TPC[id=2,type=JVB] adding LocalTrack[2,video] @ https://meet2.emdr-platform.com/libs/lib-jitsi-meet.min.js?v=8821:1
[   17907ms] [INFO] 2026-08-19T11:01:31.167Z [INFO] [xmpp:JingleSessionPC] <tl._sendSessionAccept>:  JingleSessionPC[session=JVB,initiator=false,sid=o2gjmum49nh5] Sending session-accept @ https://meet2.emdr-platform.com/libs/lib-jitsi-meet.min.js?v=8821:1
[   17909ms] [INFO] 2026-08-19T11:01:31.169Z [INFO] [xmpp:JingleSessionPC] <peerconnection.oniceconnectionstatechange>:  (TIME) ICE checking JVB:	 3150.7000000476837 @ https://meet2.emdr-platform.com/libs/lib-jitsi-meet.min.js?v=8821:1
[   17910ms] [INFO] 2026-08-19T11:01:31.170Z [INFO] [xmpp:JingleSessionPC] <peerconnection.onconnectionstatechange>:  (TIME) JVB PC state is now connecting (ICE state checking):	 3151.7000000476837 @ https://meet2.emdr-platform.com/libs/lib-jitsi-meet.min.js?v=8821:1
[   18050ms] [INFO] 2026-08-19T11:01:31.309Z [INFO] [xmpp:JingleSessionPC] <peerconnection.oniceconnectionstatechange>:  (TIME) ICE connected JVB:	 3291.2000000476837 @ https://meet2.emdr-platform.com/libs/lib-jitsi-meet.min.js?v=8821:1
[   19071ms] [INFO] 2026-08-19T11:01:32.331Z [INFO] [xmpp:JingleSessionPC] JingleSessionPC[session=P2P,initiator=true,sid=6693a6aeb536] Got RESULT for "session-initiate" @ https://meet2.emdr-platform.com/libs/lib-jitsi-meet.min.js?v=8821:1
[   19571ms] [INFO] 2026-08-19T11:01:32.830Z [INFO] [xmpp:JingleSessionPC] <peerconnection.onconnectionstatechange>:  (TIME) JVB PC state is now connected (ICE state connected):	 4812 @ https://meet2.emdr-platform.com/libs/lib-jitsi-meet.min.js?v=8821:1
[   19575ms] [INFO] 2026-08-19T11:01:32.834Z [INFO] [xmpp:JingleSessionPC] <tl.setSenderVideoConstraint>:  JingleSessionPC[session=JVB,initiator=false,sid=o2gjmum49nh5] setSenderVideoConstraint: 2160, sourceName: d045dfad-v0 @ https://meet2.emdr-platform.com/libs/lib-jitsi-meet.min.js?v=8821:1
[   19575ms] [INFO] 2026-08-19T11:01:32.834Z [INFO] [xmpp:JingleSessionPC] <tl.setSenderVideoConstraint>:  JingleSessionPC[session=P2P,initiator=true,sid=6693a6aeb536] setSenderVideoConstraint: 2160, sourceName: d045dfad-v0 @ https://meet2.emdr-platform.com/libs/lib-jitsi-meet.min.js?v=8821:1
[   19575ms] [INFO] 2026-08-19T11:01:32.835Z [INFO] [stats:AvgRTPStatsReporter] <Du.t._onJvb121StatusChanged>:  Resetting JVB avg RTP stats @ https://meet2.emdr-platform.com/libs/lib-jitsi-meet.min.js?v=8821:1
[   19577ms] [INFO] 2026-08-19T11:01:32.836Z [INFO] [rtc:TraceablePeerConnection] <Sa._updateVideoSenderEncodings>:  TPC[id=2,type=JVB] setting max height=2160,encodings=[{"active":true,"adaptivePtime":false,"networkPriority":"low","priority":"low","scaleResolutionDownBy":1,"maxBitrate":300000,"scalabilityMode":"L2T3_KEY","codec":{"clockRate":90000,"mimeType":"video/AV1","sdpFmtpLine":"level-idx=5;profile=0;tier=0","payloadType":41}},{"active":false,"adaptivePtime":false,"networkPriority":"low","priority":"low","maxBitrate":0,"codec":{"clockRate":90000,"mimeType":"video/AV1","sdpFmtpLine":"level-idx=5;profile=0;tier=0","payloadType":41}},{"active":false,"adaptivePtime":false,"networkPriority":"low","priority":"low","maxBitrate":0,"codec":{"clockRate":90000,"mimeType":"video/AV1","sdpFmtpLine":"level-idx=5;profile=0;tier=0","payloadType":41}}] @ https://meet2.emdr-platform.com/libs/lib-jitsi-meet.min.js?v=8821:1
[   19578ms] [INFO] 2026-08-19T11:01:32.837Z [INFO] [rtc:TraceablePeerConnection] <Sa._updateVideoSenderEncodings>:  TPC[id=1,type=P2P] setting max height=2160,encodings=[{"active":true,"adaptivePtime":false,"maxBitrate":300000,"networkPriority":"low","priority":"low","scaleResolutionDownBy":1,"scalabilityMode":"L1T3"}] @ https://meet2.emdr-platform.com/libs/lib-jitsi-meet.min.js?v=8821:1
[   19605ms] [INFO] 2026-08-19T11:01:32.865Z [INFO] [rtc:BridgeChannel] <e.onopen>:  datachannel channel opened @ https://meet2.emdr-platform.com/libs/lib-jitsi-meet.min.js?v=8821:1
[   19605ms] [INFO] 2026-08-19T11:01:32.865Z [INFO] [core:JitsiConferenceEventManager] <vn.<anonymous>>:  (TIME) data.channel.opened:	 4846.700000047684 @ https://meet2.emdr-platform.com/libs/lib-jitsi-meet.min.js?v=8821:1
[   19608ms] [INFO] 2026-08-19T11:01:32.868Z [INFO] [rtc:BridgeChannel] <is.sendSourceVideoTypeMessage>:  Sending SourceVideoTypeMessage with video type d045dfad-v0: camera @ https://meet2.emdr-platform.com/libs/lib-jitsi-meet.min.js?v=8821:1
[   19608ms] [INFO] 2026-08-19T11:01:32.868Z [INFO] [rtc:BridgeChannel] <is.sendReceiverVideoConstraintsMessage>:  Sending ReceiverVideoConstraints with {"assumedBandwidthBps":-1,"lastN":-1} @ https://meet2.emdr-platform.com/libs/lib-jitsi-meet.min.js?v=8821:1
[   19622ms] [INFO] 2026-08-19T11:01:32.881Z [INFO] [rtc:BridgeChannel] <e.onmessage>:  SenderSourceConstraints: d045dfad-v0 - 0 @ https://meet2.emdr-platform.com/libs/lib-jitsi-meet.min.js?v=8821:1
[   19622ms] [INFO] 2026-08-19T11:01:32.881Z [INFO] [xmpp:JingleSessionPC] <tl.setSenderVideoConstraint>:  JingleSessionPC[session=JVB,initiator=false,sid=o2gjmum49nh5] setSenderVideoConstraint: 0, sourceName: d045dfad-v0 @ https://meet2.emdr-platform.com/libs/lib-jitsi-meet.min.js?v=8821:1
[   19622ms] [INFO] 2026-08-19T11:01:32.881Z [INFO] [xmpp:JingleSessionPC] <tl.setSenderVideoConstraint>:  JingleSessionPC[session=P2P,initiator=true,sid=6693a6aeb536] setSenderVideoConstraint: 0, sourceName: d045dfad-v0 @ https://meet2.emdr-platform.com/libs/lib-jitsi-meet.min.js?v=8821:1
[   19622ms] [INFO] 2026-08-19T11:01:32.882Z [INFO] [rtc:TraceablePeerConnection] <Sa._updateVideoSenderEncodings>:  TPC[id=2,type=JVB] setting max height=0,encodings=[{"active":false,"adaptivePtime":false,"codec":{"clockRate":90000,"mimeType":"video/AV1","sdpFmtpLine":"level-idx=5;profile=0;tier=0"},"maxBitrate":0,"networkPriority":"low","priority":"low","scalabilityMode":"L3T3_KEY","scaleResolutionDownBy":1},{"active":false,"adaptivePtime":false,"codec":{"clockRate":90000,"mimeType":"video/AV1","sdpFmtpLine":"level-idx=5;profile=0;tier=0"},"maxBitrate":0,"networkPriority":"low","priority":"low"},{"active":false,"adaptivePtime":false,"codec":{"clockRate":90000,"mimeType":"video/AV1","sdpFmtpLine":"level-idx=5;profile=0;tier=0"},"maxBitrate":0,"networkPriority":"low","priority":"low"}] @ https://meet2.emdr-platform.com/libs/lib-jitsi-meet.min.js?v=8821:1
[   19623ms] [INFO] 2026-08-19T11:01:32.882Z [INFO] [rtc:TraceablePeerConnection] <Sa._updateVideoSenderEncodings>:  TPC[id=1,type=P2P] setting max height=0,encodings=[{"active":false,"adaptivePtime":false,"maxBitrate":0,"networkPriority":"low","priority":"low","scalabilityMode":"L1T3","scaleResolutionDownBy":1}] @ https://meet2.emdr-platform.com/libs/lib-jitsi-meet.min.js?v=8821:1
[   19623ms] [INFO] 2026-08-19T11:01:32.882Z [INFO] [rtc:BridgeChannel] <e.onmessage>:  New forwarded sources:  @ https://meet2.emdr-platform.com/libs/lib-jitsi-meet.min.js?v=8821:1
[   19623ms] [INFO] 2026-08-19T11:01:32.883Z [INFO] [rtc:BridgeChannel] <e.onmessage>:  Received VideoSourcesMap: [{"source":"d0755820-v0","owner":"d0755820","ssrc":2541435207,"rtx":1043817340,"videoType":"CAMERA"}] @ https://meet2.emdr-platform.com/libs/lib-jitsi-meet.min.js?v=8821:1
[   19630ms] [INFO] 2026-08-19T11:01:32.889Z [INFO] [rtc:TraceablePeerConnection] <Sa._remoteTrackAdded>:  TPC[id=2,type=JVB] Received track event for remote stream[id=remote-video-1,type=video] @ https://meet2.emdr-platform.com/libs/lib-jitsi-meet.min.js?v=8821:1
[   19630ms] [INFO] 2026-08-19T11:01:32.890Z [INFO] [rtc:TraceablePeerConnection] <Sa._createRemoteTrack>:  TPC[id=2,type=JVB] creating remote track[endpoint=d0755820,ssrc=2541435207,type=video,sourceName=d0755820-v0] @ https://meet2.emdr-platform.com/libs/lib-jitsi-meet.min.js?v=8821:1
[   19633ms] [INFO] 2026-08-19T11:01:32.892Z [INFO] [connectivity:TrackStreamingStatus] <new aa>:  RtcMuteTimeout set to: 10000 @ https://meet2.emdr-platform.com/libs/lib-jitsi-meet.min.js?v=8821:1
[   19641ms] [INFO] 2026-08-19T11:01:32.900Z [INFO] [rtc:BridgeChannel] <e.onmessage>:  Received AudioSourcesMap: [{"source":"d0755820-a0","owner":"d0755820","ssrc":1072669438}] @ https://meet2.emdr-platform.com/libs/lib-jitsi-meet.min.js?v=8821:1
[   19651ms] [INFO] 2026-08-19T11:01:32.911Z [INFO] [rtc:TraceablePeerConnection] <Sa._remoteTrackAdded>:  TPC[id=2,type=JVB] Received track event for remote stream[id=remote-audio-1,type=audio] @ https://meet2.emdr-platform.com/libs/lib-jitsi-meet.min.js?v=8821:1
[   19651ms] [INFO] 2026-08-19T11:01:32.911Z [INFO] [rtc:TraceablePeerConnection] <Sa._createRemoteTrack>:  TPC[id=2,type=JVB] creating remote track[endpoint=d0755820,ssrc=1072669438,type=audio,sourceName=d0755820-a0] @ https://meet2.emdr-platform.com/libs/lib-jitsi-meet.min.js?v=8821:1
[   19664ms] [INFO] 2026-08-19T11:01:32.923Z [INFO] [rtc:JitsiRemoteTrack] <pa._playCallback>:  (TIME) Render audio:	 4905.200000047684 @ https://meet2.emdr-platform.com/libs/lib-jitsi-meet.min.js?v=8821:1
[   19664ms] [INFO] 2026-08-19T11:01:32.923Z [INFO] [rtc:JitsiRemoteTrack] <pa._playCallback>:  (TIME) TTFM audio:	 2869.7000000476837 @ https://meet2.emdr-platform.com/libs/lib-jitsi-meet.min.js?v=8821:1
[   20071ms] [INFO] 2026-08-19T11:01:33.331Z [INFO] [rtc:BridgeChannel] <e.onmessage>:  SenderSourceConstraints: d045dfad-v0 - 720 @ https://meet2.emdr-platform.com/libs/lib-jitsi-meet.min.js?v=8821:1
[   20072ms] [INFO] 2026-08-19T11:01:33.331Z [INFO] [xmpp:JingleSessionPC] <tl.setSenderVideoConstraint>:  JingleSessionPC[session=JVB,initiator=false,sid=o2gjmum49nh5] setSenderVideoConstraint: 720, sourceName: d045dfad-v0 @ https://meet2.emdr-platform.com/libs/lib-jitsi-meet.min.js?v=8821:1
[   20072ms] [INFO] 2026-08-19T11:01:33.331Z [INFO] [xmpp:JingleSessionPC] <tl.setSenderVideoConstraint>:  JingleSessionPC[session=P2P,initiator=true,sid=6693a6aeb536] setSenderVideoConstraint: 720, sourceName: d045dfad-v0 @ https://meet2.emdr-platform.com/libs/lib-jitsi-meet.min.js?v=8821:1
[   20072ms] [INFO] 2026-08-19T11:01:33.332Z [INFO] [rtc:TraceablePeerConnection] <Sa._updateVideoSenderEncodings>:  TPC[id=2,type=JVB] setting max height=720,encodings=[{"active":true,"adaptivePtime":false,"codec":{"clockRate":90000,"mimeType":"video/AV1","sdpFmtpLine":"level-idx=5;profile=0;tier=0"},"maxBitrate":300000,"networkPriority":"low","priority":"low","scalabilityMode":"L2T3_KEY","scaleResolutionDownBy":1},{"active":false,"adaptivePtime":false,"codec":{"clockRate":90000,"mimeType":"video/AV1","sdpFmtpLine":"level-idx=5;profile=0;tier=0"},"maxBitrate":0,"networkPriority":"low","priority":"low"},{"active":false,"adaptivePtime":false,"codec":{"clockRate":90000,"mimeType":"video/AV1","sdpFmtpLine":"level-idx=5;profile=0;tier=0"},"maxBitrate":0,"networkPriority":"low","priority":"low"}] @ https://meet2.emdr-platform.com/libs/lib-jitsi-meet.min.js?v=8821:1
[   20073ms] [INFO] 2026-08-19T11:01:33.332Z [INFO] [rtc:TraceablePeerConnection] <Sa._updateVideoSenderEncodings>:  TPC[id=1,type=P2P] setting max height=720,encodings=[{"active":true,"adaptivePtime":false,"maxBitrate":300000,"networkPriority":"low","priority":"low","scalabilityMode":"L1T3","scaleResolutionDownBy":1}] @ https://meet2.emdr-platform.com/libs/lib-jitsi-meet.min.js?v=8821:1
[   20307ms] [INFO] 2026-08-19T11:01:33.566Z [INFO] [core:JitsiConference] <Zu.onCallAccepted>:  P2P setAnswer @ https://meet2.emdr-platform.com/libs/lib-jitsi-meet.min.js?v=8821:1
[   20312ms] [INFO] 2026-08-19T11:01:33.572Z [INFO] [rtc:TraceablePeerConnection] <Sa._remoteTrackAdded>:  TPC[id=1,type=P2P] Received track event for remote stream[id=d0755820-audio-0-2,type=audio] @ https://meet2.emdr-platform.com/libs/lib-jitsi-meet.min.js?v=8821:1
[   20313ms] [INFO] 2026-08-19T11:01:33.572Z [INFO] [rtc:TraceablePeerConnection] <Sa._createRemoteTrack>:  TPC[id=1,type=P2P] creating remote track[endpoint=d0755820,ssrc=4032306881,type=audio,sourceName=d0755820-a0] @ https://meet2.emdr-platform.com/libs/lib-jitsi-meet.min.js?v=8821:1
[   20313ms] [INFO] 2026-08-19T11:01:33.573Z [INFO] [core:JitsiConference] <Zu.onRemoteTrackAdded>:  Trying to add remote P2P track, when not in P2P - IGNORED @ https://meet2.emdr-platform.com/libs/lib-jitsi-meet.min.js?v=8821:1
[   20313ms] [INFO] 2026-08-19T11:01:33.573Z [INFO] [rtc:TraceablePeerConnection] <Sa._remoteTrackAdded>:  TPC[id=1,type=P2P] Received track event for remote stream[id=d0755820-video-0-2,type=video] @ https://meet2.emdr-platform.com/libs/lib-jitsi-meet.min.js?v=8821:1
[   20314ms] [INFO] 2026-08-19T11:01:33.573Z [INFO] [rtc:TraceablePeerConnection] <Sa._createRemoteTrack>:  TPC[id=1,type=P2P] creating remote track[endpoint=d0755820,ssrc=159920968,type=video,sourceName=d0755820-v0] @ https://meet2.emdr-platform.com/libs/lib-jitsi-meet.min.js?v=8821:1
[   20314ms] [INFO] 2026-08-19T11:01:33.573Z [INFO] [core:JitsiConference] <Zu.onRemoteTrackAdded>:  Trying to add remote P2P track, when not in P2P - IGNORED @ https://meet2.emdr-platform.com/libs/lib-jitsi-meet.min.js?v=8821:1
[   20316ms] [INFO] 2026-08-19T11:01:33.575Z [INFO] [xmpp:JingleSessionPC] <tl.setReceiverVideoConstraint>:  JingleSessionPC[session=P2P,initiator=true,sid=6693a6aeb536] setReceiverVideoConstraint - constraints: {} @ https://meet2.emdr-platform.com/libs/lib-jitsi-meet.min.js?v=8821:1
[   20316ms] [INFO] 2026-08-19T11:01:33.576Z [INFO] [xmpp:JingleSessionPC] JingleSessionPC[session=P2P,initiator=true,sid=6693a6aeb536] sending content-modify for source-name: d0755820-v0, maxHeight: 2160 @ https://meet2.emdr-platform.com/libs/lib-jitsi-meet.min.js?v=8821:1
[   20721ms] [INFO] 2026-08-19T11:01:33.981Z [INFO] [core:JitsiConference] <Zu.onTransportInfo>:  P2P addIceCandidates @ https://meet2.emdr-platform.com/libs/lib-jitsi-meet.min.js?v=8821:1
[   20723ms] [INFO] 2026-08-19T11:01:33.983Z [INFO] [xmpp:JingleSessionPC] <peerconnection.oniceconnectionstatechange>:  (TIME) ICE checking P2P:	 5964.600000143051 @ https://meet2.emdr-platform.com/libs/lib-jitsi-meet.min.js?v=8821:1
[   20726ms] [INFO] 2026-08-19T11:01:33.985Z [INFO] [rtc:JitsiRemoteTrack] <pa.setMute>:  Mute RemoteTrack[userID: d0755820, type: audio, ssrc: 4032306881, p2p: true, sourceName: d0755820-a0, status: {readyState: live, muted: true, enabled: true}]: false @ https://meet2.emdr-platform.com/libs/lib-jitsi-meet.min.js?v=8821:1
[   20726ms] [INFO] 2026-08-19T11:01:33.985Z [INFO] [rtc:JitsiRemoteTrack] <pa.setMute>:  Mute RemoteTrack[userID: d0755820, type: audio, ssrc: 1072669438, p2p: false, sourceName: d0755820-a0, status: {readyState: live, muted: false, enabled: true}]: false @ https://meet2.emdr-platform.com/libs/lib-jitsi-meet.min.js?v=8821:1
[   20731ms] [INFO] 2026-08-19T11:01:33.990Z [INFO] [rtc:JitsiRemoteTrack] <pa.setMute>:  Mute RemoteTrack[userID: d0755820, type: video, ssrc: 159920968, p2p: true, sourceName: d0755820-v0, status: {readyState: live, muted: true, enabled: true}]: false @ https://meet2.emdr-platform.com/libs/lib-jitsi-meet.min.js?v=8821:1
[   20731ms] [INFO] 2026-08-19T11:01:33.991Z [INFO] [rtc:JitsiRemoteTrack] <pa.setMute>:  Mute RemoteTrack[userID: d0755820, type: video, ssrc: 2541435207, p2p: false, sourceName: d0755820-v0, status: {readyState: live, muted: true, enabled: true}]: false @ https://meet2.emdr-platform.com/libs/lib-jitsi-meet.min.js?v=8821:1
[   20735ms] [INFO] 2026-08-19T11:01:33.994Z [INFO] [rtc:BridgeChannel] <is.sendReceiverVideoConstraintsMessage>:  Sending ReceiverVideoConstraints with {"constraints":{"d0755820-v0":{"maxHeight":2160}},"defaultConstraints":{"maxHeight":0},"lastN":-1,"onStageSources":["d0755820-v0"],"selectedSources":[]} @ https://meet2.emdr-platform.com/libs/lib-jitsi-meet.min.js?v=8821:1
[   20736ms] [INFO] 2026-08-19T11:01:33.995Z [INFO] [xmpp:JingleSessionPC] <tl.setReceiverVideoConstraint>:  JingleSessionPC[session=P2P,initiator=true,sid=6693a6aeb536] setReceiverVideoConstraint - constraints: {} @ https://meet2.emdr-platform.com/libs/lib-jitsi-meet.min.js?v=8821:1
[   20736ms] [INFO] 2026-08-19T11:01:33.996Z [INFO] [xmpp:JingleSessionPC] JingleSessionPC[session=P2P,initiator=true,sid=6693a6aeb536] sending content-modify for source-name: d0755820-v0, maxHeight: 2160 @ https://meet2.emdr-platform.com/libs/lib-jitsi-meet.min.js?v=8821:1
[   20741ms] [INFO] 2026-08-19T11:01:34.001Z [INFO] [core:JitsiConference] <Zu.onTransportInfo>:  P2P addIceCandidates @ https://meet2.emdr-platform.com/libs/lib-jitsi-meet.min.js?v=8821:1
[   20743ms] [INFO] 2026-08-19T11:01:34.003Z [INFO] [xmpp:JingleSessionPC] <peerconnection.onconnectionstatechange>:  (TIME) P2P PC state is now connecting (ICE state checking):	 5985 @ https://meet2.emdr-platform.com/libs/lib-jitsi-meet.min.js?v=8821:1
[   20752ms] [INFO] 2026-08-19T11:01:34.011Z [INFO] [rtc:BridgeChannel] <e.onmessage>:  New forwarded sources: d0755820-v0 @ https://meet2.emdr-platform.com/libs/lib-jitsi-meet.min.js?v=8821:1
[   20873ms] [INFO] 2026-08-19T11:01:34.133Z [INFO] [xmpp:JingleSessionPC] <peerconnection.oniceconnectionstatechange>:  (TIME) ICE connected P2P:	 6114.800000190735 @ https://meet2.emdr-platform.com/libs/lib-jitsi-meet.min.js?v=8821:1
[   20874ms] [INFO] 2026-08-19T11:01:34.133Z [INFO] [core:JitsiConference] <Zu._setP2PStatus>:  Peer to peer connection established! @ https://meet2.emdr-platform.com/libs/lib-jitsi-meet.min.js?v=8821:1
[   20876ms] [INFO] 2026-08-19T11:01:34.135Z [INFO] [xmpp:JingleSessionPC] <tl.setSenderVideoConstraint>:  JingleSessionPC[session=JVB,initiator=false,sid=o2gjmum49nh5] setSenderVideoConstraint: 720, sourceName: d045dfad-v0 @ https://meet2.emdr-platform.com/libs/lib-jitsi-meet.min.js?v=8821:1
[   20876ms] [INFO] 2026-08-19T11:01:34.135Z [INFO] [xmpp:JingleSessionPC] <tl.setSenderVideoConstraint>:  JingleSessionPC[session=P2P,initiator=true,sid=6693a6aeb536] setSenderVideoConstraint: 720, sourceName: d045dfad-v0 @ https://meet2.emdr-platform.com/libs/lib-jitsi-meet.min.js?v=8821:1
[   20877ms] [INFO] 2026-08-19T11:01:34.136Z [INFO] [core:JitsiConference] <Zu._removeRemoteTracks>:  Removing remote JVB track: RemoteTrack[userID: d0755820, type: video, ssrc: 2541435207, p2p: false, sourceName: d0755820-v0, status: {readyState: live, muted: false, enabled: true}] @ https://meet2.emdr-platform.com/libs/lib-jitsi-meet.min.js?v=8821:1
[   20882ms] [INFO] 2026-08-19T11:01:34.142Z [INFO] [core:JitsiConference] <Zu._removeRemoteTracks>:  Removing remote JVB track: RemoteTrack[userID: d0755820, type: audio, ssrc: 1072669438, p2p: false, sourceName: d0755820-a0, status: {readyState: live, muted: false, enabled: true}] @ https://meet2.emdr-platform.com/libs/lib-jitsi-meet.min.js?v=8821:1
[   20886ms] [INFO] 2026-08-19T11:01:34.145Z [INFO] [core:JitsiConference] <Zu._addRemoteTracks>:  Adding remote P2P track: RemoteTrack[userID: d0755820, type: audio, ssrc: 4032306881, p2p: true, sourceName: d0755820-a0, status: {readyState: live, muted: true, enabled: true}] @ https://meet2.emdr-platform.com/libs/lib-jitsi-meet.min.js?v=8821:1
[   20889ms] [INFO] 2026-08-19T11:01:34.149Z [INFO] [core:JitsiConference] <Zu._addRemoteTracks>:  Adding remote P2P track: RemoteTrack[userID: d0755820, type: video, ssrc: 159920968, p2p: true, sourceName: d0755820-v0, status: {readyState: live, muted: true, enabled: true}] @ https://meet2.emdr-platform.com/libs/lib-jitsi-meet.min.js?v=8821:1
[   20892ms] [INFO] 2026-08-19T11:01:34.151Z [INFO] [connectivity:TrackStreamingStatus] <new aa>:  RtcMuteTimeout set to: 10000 @ https://meet2.emdr-platform.com/libs/lib-jitsi-meet.min.js?v=8821:1
[   20896ms] [INFO] 2026-08-19T11:01:34.156Z [INFO] [core:JitsiConference] <Zu._suspendMediaTransferForJvbConnection>:  Suspending media transfer over the JVB connection... @ https://meet2.emdr-platform.com/libs/lib-jitsi-meet.min.js?v=8821:1
[   20896ms] [INFO] 2026-08-19T11:01:34.156Z [INFO] [rtc:TraceablePeerConnection] <Sa.setMediaTransferActive>:  TPC[id=2,type=JVB] Suspending media transfer. @ https://meet2.emdr-platform.com/libs/lib-jitsi-meet.min.js?v=8821:1
[   20897ms] [INFO] 2026-08-19T11:01:34.156Z [INFO] [core:JitsiConference] <Zu._onIceConnectionEstablished>:  Starting remote stats with p2p connection @ https://meet2.emdr-platform.com/libs/lib-jitsi-meet.min.js?v=8821:1
[   20909ms] [INFO] 2026-08-19T11:01:34.168Z [INFO] [core:JitsiConference] Suspended media transfer over the JVB connection ! @ https://meet2.emdr-platform.com/libs/lib-jitsi-meet.min.js?v=8821:1
[   20939ms] [INFO] 2026-08-19T11:01:34.199Z [INFO] [xmpp:JingleSessionPC] <peerconnection.onconnectionstatechange>:  (TIME) P2P PC state is now connected (ICE state connected):	 6180.5 @ https://meet2.emdr-platform.com/libs/lib-jitsi-meet.min.js?v=8821:1
[   42959ms] [INFO] 2026-08-19T11:01:56.219Z [INFO] [rtc:RTCUtils] <Zr.<anonymous>>:  Got media constraints:  {"video":false,"audio":{"autoGainControl":true,"echoCancellation":true,"noiseSuppression":true,"deviceId":{"exact":"default"}}} @ https://meet2.emdr-platform.com/libs/lib-jitsi-meet.min.js?v=8821:1
[   42959ms] [INFO] 2026-08-19T11:01:56.219Z [INFO] [rtc:RTCUtils] <Zr.<anonymous>>:  Got media constraints:  {"video":false,"audio":{"autoGainControl":true,"echoCancellation":true,"noiseSuppression":true,"deviceId":{"exact":"fa65cc53ad743318a6eebe6b91dfaf3695e9d590b48918376a89fc25929cfa37"}}} @ https://meet2.emdr-platform.com/libs/lib-jitsi-meet.min.js?v=8821:1
[   42960ms] [INFO] 2026-08-19T11:01:56.219Z [INFO] [rtc:RTCUtils] <Zr.<anonymous>>:  Got media constraints:  {"video":false,"audio":{"autoGainControl":true,"echoCancellation":true,"noiseSuppression":true,"deviceId":{"exact":"3c558fcd70300cbbbf1103ee339494bcc12a081a5bf202c45b69da34d572284a"}}} @ https://meet2.emdr-platform.com/libs/lib-jitsi-meet.min.js?v=8821:1
[   42970ms] [INFO] 2026-08-19T11:01:56.229Z [INFO] [rtc:RTCUtils] onUserMediaSuccess @ https://meet2.emdr-platform.com/libs/lib-jitsi-meet.min.js?v=8821:1
[   42985ms] [INFO] 2026-08-19T11:01:56.245Z [INFO] [rtc:RTCUtils] onUserMediaSuccess @ https://meet2.emdr-platform.com/libs/lib-jitsi-meet.min.js?v=8821:1
[   43002ms] [INFO] 2026-08-19T11:01:56.262Z [INFO] [rtc:RTCUtils] onUserMediaSuccess @ https://meet2.emdr-platform.com/libs/lib-jitsi-meet.min.js?v=8821:1
[   46417ms] [INFO] 2026-08-19T11:01:59.676Z [INFO] [app:noise-suppression] Attempting to set noise suppression enabled state: false @ https://meet2.emdr-platform.com/libs/app.bundle.min.js?v=8821:1
[   46418ms] [WARNING] 2026-08-19T11:01:59.677Z [WARN] [app:noise-suppression] Noise suppression enabled state already: false @ https://meet2.emdr-platform.com/libs/app.bundle.min.js?v=8821:1
[   46424ms] [INFO] 2026-08-19T11:01:59.684Z [INFO] [app:conference-web] <Object.onAudioDeviceChanged>:  Switching audio input device to 3c558fcd70300cbbbf1103ee339494bcc12a081a5bf202c45b69da34d572284a @ https://meet2.emdr-platform.com/libs/app.bundle.min.js?v=8821:1
[   46426ms] [INFO] 2026-08-19T11:01:59.686Z [INFO] [rtc:RTCUtils] <Zr.<anonymous>>:  Got media constraints:  {"video":false,"audio":{"autoGainControl":true,"echoCancellation":true,"noiseSuppression":true,"deviceId":{"exact":"3c558fcd70300cbbbf1103ee339494bcc12a081a5bf202c45b69da34d572284a"}}} @ https://meet2.emdr-platform.com/libs/lib-jitsi-meet.min.js?v=8821:1
[   46432ms] [INFO] 2026-08-19T11:01:59.692Z [INFO] [rtc:RTCUtils] onUserMediaSuccess @ https://meet2.emdr-platform.com/libs/lib-jitsi-meet.min.js?v=8821:1
[   46435ms] [INFO] 2026-08-19T11:01:59.694Z [INFO] [rtc:TraceablePeerConnection] <Sa.replaceTrack>:  TPC[id=2,type=JVB] TPC.replaceTrack old=LocalTrack[1,audio], new=LocalTrack[6,audio] @ https://meet2.emdr-platform.com/libs/lib-jitsi-meet.min.js?v=8821:1
[   46435ms] [INFO] 2026-08-19T11:01:59.694Z [INFO] [rtc:TraceablePeerConnection] <Sa.replaceTrack>:  TPC[id=1,type=P2P] TPC.replaceTrack old=LocalTrack[1,audio], new=LocalTrack[6,audio] @ https://meet2.emdr-platform.com/libs/lib-jitsi-meet.min.js?v=8821:1
[   46435ms] [INFO] 2026-08-19T11:01:59.695Z [INFO] [xmpp:JingleSessionPC] <Object.callback>:  JingleSessionPC[session=JVB,initiator=false,sid=o2gjmum49nh5]  Replace track done! @ https://meet2.emdr-platform.com/libs/lib-jitsi-meet.min.js?v=8821:1
[   46445ms] [INFO] 2026-08-19T11:01:59.704Z [INFO] [xmpp:JingleSessionPC] <Object.callback>:  JingleSessionPC[session=P2P,initiator=true,sid=6693a6aeb536]  Replace track done! @ https://meet2.emdr-platform.com/libs/lib-jitsi-meet.min.js?v=8821:1
[   46450ms] [LOG] 2026-08-19T11:01:59.709Z [LOG] [app:tracks] Replace audio track - unmuted @ https://meet2.emdr-platform.com/libs/app.bundle.min.js?v=8821:1
[   46458ms] [INFO] 2026-08-19T11:01:59.718Z [INFO] [app:settings] switched local audio input device to: 3c558fcd70300cbbbf1103ee339494bcc12a081a5bf202c45b69da34d572284a @ https://meet2.emdr-platform.com/libs/app.bundle.min.js?v=8821:1
[   47047ms] [INFO] 2026-08-19T11:02:00.306Z [INFO] [app:redux] <Object.persistState>:  redux state persisted. 674e4b7c91b00e72452eaf8623886c69 -> 36a84db2112317b59b0e7c914b3acb98 @ https://meet2.emdr-platform.com/libs/app.bundle.min.js?v=8821:1
[   54455ms] [INFO] 2026-08-19T11:02:07.714Z [INFO] [rtc:RTCUtils] <Zr.<anonymous>>:  Got media constraints:  {"video":false,"audio":{"autoGainControl":true,"echoCancellation":true,"noiseSuppression":true,"deviceId":{"exact":"default"}}} @ https://meet2.emdr-platform.com/libs/lib-jitsi-meet.min.js?v=8821:1
[   54455ms] [INFO] 2026-08-19T11:02:07.715Z [INFO] [rtc:RTCUtils] <Zr.<anonymous>>:  Got media constraints:  {"video":false,"audio":{"autoGainControl":true,"echoCancellation":true,"noiseSuppression":true,"deviceId":{"exact":"fa65cc53ad743318a6eebe6b91dfaf3695e9d590b48918376a89fc25929cfa37"}}} @ https://meet2.emdr-platform.com/libs/lib-jitsi-meet.min.js?v=8821:1
[   54455ms] [INFO] 2026-08-19T11:02:07.715Z [INFO] [rtc:RTCUtils] <Zr.<anonymous>>:  Got media constraints:  {"video":false,"audio":{"autoGainControl":true,"echoCancellation":true,"noiseSuppression":true,"deviceId":{"exact":"3c558fcd70300cbbbf1103ee339494bcc12a081a5bf202c45b69da34d572284a"}}} @ https://meet2.emdr-platform.com/libs/lib-jitsi-meet.min.js?v=8821:1
[   54464ms] [INFO] 2026-08-19T11:02:07.724Z [INFO] [rtc:RTCUtils] onUserMediaSuccess @ https://meet2.emdr-platform.com/libs/lib-jitsi-meet.min.js?v=8821:1
[   54469ms] [INFO] 2026-08-19T11:02:07.728Z [INFO] [rtc:RTCUtils] onUserMediaSuccess @ https://meet2.emdr-platform.com/libs/lib-jitsi-meet.min.js?v=8821:1
[   54474ms] [INFO] 2026-08-19T11:02:07.733Z [INFO] [rtc:RTCUtils] onUserMediaSuccess @ https://meet2.emdr-platform.com/libs/lib-jitsi-meet.min.js?v=8821:1
[   75399ms] [INFO] 2026-08-19T11:02:28.658Z [INFO] [rtc:RTCUtils] <Zr.<anonymous>>:  Got media constraints:  {"video":false,"audio":{"autoGainControl":true,"echoCancellation":true,"noiseSuppression":true,"deviceId":{"exact":"default"}}} @ https://meet2.emdr-platform.com/libs/lib-jitsi-meet.min.js?v=8821:1
[   75399ms] [INFO] 2026-08-19T11:02:28.658Z [INFO] [rtc:RTCUtils] <Zr.<anonymous>>:  Got media constraints:  {"video":false,"audio":{"autoGainControl":true,"echoCancellation":true,"noiseSuppression":true,"deviceId":{"exact":"fa65cc53ad743318a6eebe6b91dfaf3695e9d590b48918376a89fc25929cfa37"}}} @ https://meet2.emdr-platform.com/libs/lib-jitsi-meet.min.js?v=8821:1
[   75399ms] [INFO] 2026-08-19T11:02:28.659Z [INFO] [rtc:RTCUtils] <Zr.<anonymous>>:  Got media constraints:  {"video":false,"audio":{"autoGainControl":true,"echoCancellation":true,"noiseSuppression":true,"deviceId":{"exact":"3c558fcd70300cbbbf1103ee339494bcc12a081a5bf202c45b69da34d572284a"}}} @ https://meet2.emdr-platform.com/libs/lib-jitsi-meet.min.js?v=8821:1
[   75414ms] [INFO] 2026-08-19T11:02:28.674Z [INFO] [rtc:RTCUtils] onUserMediaSuccess @ https://meet2.emdr-platform.com/libs/lib-jitsi-meet.min.js?v=8821:1
[   75420ms] [INFO] 2026-08-19T11:02:28.679Z [INFO] [rtc:RTCUtils] onUserMediaSuccess @ https://meet2.emdr-platform.com/libs/lib-jitsi-meet.min.js?v=8821:1
[   75425ms] [INFO] 2026-08-19T11:02:28.684Z [INFO] [rtc:RTCUtils] onUserMediaSuccess @ https://meet2.emdr-platform.com/libs/lib-jitsi-meet.min.js?v=8821:1
[   75425ms] [WARNING] MaxListenersExceededWarning: Possible EventEmitter memory leak detected. 11 rtc.audio_output_device_changed listeners added. Use emitter.setMaxListeners() to increase limit
    at c (https://meet2.emdr-platform.com/libs/lib-jitsi-meet.min.js?v=8821:2:1084595)
    at s.addListener (https://meet2.emdr-platform.com/libs/lib-jitsi-meet.min.js?v=8821:2:1087179)
    at Zr.addListener (https://meet2.emdr-platform.com/libs/lib-jitsi-meet.min.js?v=8821:2:424414)
    at new Ro (https://meet2.emdr-platform.com/libs/lib-jitsi-meet.min.js?v=8821:2:488194)
    at https://meet2.emdr-platform.com/libs/lib-jitsi-meet.min.js?v=8821:2:585896
    at Array.map (<anonymous>)
    at ba (https://meet2.emdr-platform.com/libs/lib-jitsi-meet.min.js?v=8821:2:585742)
    at https://meet2.emdr-platform.com/libs/lib-jitsi-meet.min.js?v=8821:2:587113
    at async https://meet2.emdr-platform.com/libs/app.bundle.min.js?v=8821:85:781308
    at async Promise.all (index 2)
    at async _ (https://meet2.emdr-platform.com/libs/app.bundle.min.js?v=8821:85:781225) @ https://meet2.emdr-platform.com/libs/lib-jitsi-meet.min.js?v=8821:1
[   75425ms] [WARNING] MaxListenersExceededWarning: Possible EventEmitter memory leak detected. 11 rtc.device_list_will_change listeners added. Use emitter.setMaxListeners() to increase limit
    at c (https://meet2.emdr-platform.com/libs/lib-jitsi-meet.min.js?v=8821:2:1084595)
    at s.addListener (https://meet2.emdr-platform.com/libs/lib-jitsi-meet.min.js?v=8821:2:1087179)
    at Zr.addListener (https://meet2.emdr-platform.com/libs/lib-jitsi-meet.min.js?v=8821:2:424414)
    at new Ro (https://meet2.emdr-platform.com/libs/lib-jitsi-meet.min.js?v=8821:2:488275)
    at https://meet2.emdr-platform.com/libs/lib-jitsi-meet.min.js?v=8821:2:585896
    at Array.map (<anonymous>)
    at ba (https://meet2.emdr-platform.com/libs/lib-jitsi-meet.min.js?v=8821:2:585742)
    at https://meet2.emdr-platform.com/libs/lib-jitsi-meet.min.js?v=8821:2:587113
    at async https://meet2.emdr-platform.com/libs/app.bundle.min.js?v=8821:85:781308
    at async Promise.all (index 2)
    at async _ (https://meet2.emdr-platform.com/libs/app.bundle.min.js?v=8821:85:781225) @ https://meet2.emdr-platform.com/libs/lib-jitsi-meet.min.js?v=8821:1
[   99414ms] [INFO] 2026-08-19T11:02:52.674Z [INFO] [rtc:RTCUtils] <Zr.<anonymous>>:  Got media constraints:  {"video":false,"audio":{"autoGainControl":true,"echoCancellation":true,"noiseSuppression":true,"deviceId":{"exact":"default"}}} @ https://meet2.emdr-platform.com/libs/lib-jitsi-meet.min.js?v=8821:1
[   99415ms] [INFO] 2026-08-19T11:02:52.674Z [INFO] [rtc:RTCUtils] <Zr.<anonymous>>:  Got media constraints:  {"video":false,"audio":{"autoGainControl":true,"echoCancellation":true,"noiseSuppression":true,"deviceId":{"exact":"fa65cc53ad743318a6eebe6b91dfaf3695e9d590b48918376a89fc25929cfa37"}}} @ https://meet2.emdr-platform.com/libs/lib-jitsi-meet.min.js?v=8821:1
[   99415ms] [INFO] 2026-08-19T11:02:52.674Z [INFO] [rtc:RTCUtils] <Zr.<anonymous>>:  Got media constraints:  {"video":false,"audio":{"autoGainControl":true,"echoCancellation":true,"noiseSuppression":true,"deviceId":{"exact":"3c558fcd70300cbbbf1103ee339494bcc12a081a5bf202c45b69da34d572284a"}}} @ https://meet2.emdr-platform.com/libs/lib-jitsi-meet.min.js?v=8821:1
[   99431ms] [INFO] 2026-08-19T11:02:52.691Z [INFO] [rtc:RTCUtils] onUserMediaSuccess @ https://meet2.emdr-platform.com/libs/lib-jitsi-meet.min.js?v=8821:1
[   99437ms] [INFO] 2026-08-19T11:02:52.696Z [INFO] [rtc:RTCUtils] onUserMediaSuccess @ https://meet2.emdr-platform.com/libs/lib-jitsi-meet.min.js?v=8821:1
[   99442ms] [INFO] 2026-08-19T11:02:52.701Z [INFO] [rtc:RTCUtils] onUserMediaSuccess @ https://meet2.emdr-platform.com/libs/lib-jitsi-meet.min.js?v=8821:1
[  101520ms] [INFO] 2026-08-19T11:02:54.780Z [INFO] [app:noise-suppression] Attempting to set noise suppression enabled state: false @ https://meet2.emdr-platform.com/libs/app.bundle.min.js?v=8821:1
[  101521ms] [WARNING] 2026-08-19T11:02:54.781Z [WARN] [app:noise-suppression] Noise suppression enabled state already: false @ https://meet2.emdr-platform.com/libs/app.bundle.min.js?v=8821:1
[  101527ms] [INFO] 2026-08-19T11:02:54.787Z [INFO] [app:conference-web] <Object.onAudioDeviceChanged>:  Switching audio input device to fa65cc53ad743318a6eebe6b91dfaf3695e9d590b48918376a89fc25929cfa37 @ https://meet2.emdr-platform.com/libs/app.bundle.min.js?v=8821:1
[  101529ms] [INFO] 2026-08-19T11:02:54.788Z [INFO] [rtc:RTCUtils] <Zr.<anonymous>>:  Got media constraints:  {"video":false,"audio":{"autoGainControl":true,"echoCancellation":true,"noiseSuppression":true,"deviceId":{"exact":"fa65cc53ad743318a6eebe6b91dfaf3695e9d590b48918376a89fc25929cfa37"}}} @ https://meet2.emdr-platform.com/libs/lib-jitsi-meet.min.js?v=8821:1
[  101534ms] [INFO] 2026-08-19T11:02:54.794Z [INFO] [rtc:RTCUtils] onUserMediaSuccess @ https://meet2.emdr-platform.com/libs/lib-jitsi-meet.min.js?v=8821:1
[  101536ms] [INFO] 2026-08-19T11:02:54.795Z [INFO] [rtc:TraceablePeerConnection] <Sa.replaceTrack>:  TPC[id=2,type=JVB] TPC.replaceTrack old=LocalTrack[6,audio], new=LocalTrack[16,audio] @ https://meet2.emdr-platform.com/libs/lib-jitsi-meet.min.js?v=8821:1
[  101536ms] [INFO] 2026-08-19T11:02:54.796Z [INFO] [rtc:TraceablePeerConnection] <Sa.replaceTrack>:  TPC[id=1,type=P2P] TPC.replaceTrack old=LocalTrack[6,audio], new=LocalTrack[16,audio] @ https://meet2.emdr-platform.com/libs/lib-jitsi-meet.min.js?v=8821:1
[  101536ms] [INFO] 2026-08-19T11:02:54.796Z [INFO] [xmpp:JingleSessionPC] <Object.callback>:  JingleSessionPC[session=JVB,initiator=false,sid=o2gjmum49nh5]  Replace track done! @ https://meet2.emdr-platform.com/libs/lib-jitsi-meet.min.js?v=8821:1
[  101545ms] [INFO] 2026-08-19T11:02:54.805Z [INFO] [xmpp:JingleSessionPC] <Object.callback>:  JingleSessionPC[session=P2P,initiator=true,sid=6693a6aeb536]  Replace track done! @ https://meet2.emdr-platform.com/libs/lib-jitsi-meet.min.js?v=8821:1
[  101550ms] [LOG] 2026-08-19T11:02:54.810Z [LOG] [app:tracks] Replace audio track - unmuted @ https://meet2.emdr-platform.com/libs/app.bundle.min.js?v=8821:1
[  101556ms] [INFO] 2026-08-19T11:02:54.815Z [INFO] [app:settings] switched local audio input device to: fa65cc53ad743318a6eebe6b91dfaf3695e9d590b48918376a89fc25929cfa37 @ https://meet2.emdr-platform.com/libs/app.bundle.min.js?v=8821:1
[  103377ms] [INFO] 2026-08-19T11:02:56.636Z [INFO] [app:redux] <Object.persistState>:  redux state persisted. 36a84db2112317b59b0e7c914b3acb98 -> 1991cc8afd951bf885128c40984c5df2 @ https://meet2.emdr-platform.com/libs/app.bundle.min.js?v=8821:1
[ 3802917ms] [INFO] 2026-08-19T12:04:36.176Z [INFO] [xmpp:Xmpp] <El.disconnect>:  XMPP disconnect triggered by the event=beforeunload @ https://meet2.emdr-platform.com/libs/lib-jitsi-meet.min.js?v=8821:1
[ 3802918ms] [INFO] 2026-08-19T12:04:36.177Z [INFO] [xmpp:Xmpp] <El.connectionHandler>:  (TIME) Strophe disconnecting:	 3788158.9000000954 @ https://meet2.emdr-platform.com/libs/lib-jitsi-meet.min.js?v=8821:1
[ 3802925ms] [INFO] 2026-08-19T12:04:36.184Z [INFO] [app:dialog] <qw>:  Hide dialog:  @ https://meet2.emdr-platform.com/libs/app.bundle.min.js?v=8821:1
[ 3802950ms] [INFO] 2026-08-19T12:04:36.209Z [INFO] [rtc:TraceablePeerConnection] <Sa.replaceTrack>:  TPC[id=2,type=JVB] TPC.replaceTrack old=LocalTrack[2,video], new=null @ https://meet2.emdr-platform.com/libs/lib-jitsi-meet.min.js?v=8821:1
[ 3802950ms] [INFO] 2026-08-19T12:04:36.209Z [INFO] [rtc:TraceablePeerConnection] <Sa.replaceTrack>:  TPC[id=1,type=P2P] TPC.replaceTrack old=LocalTrack[2,video], new=null @ https://meet2.emdr-platform.com/libs/lib-jitsi-meet.min.js?v=8821:1
