[   64470ms] [VERBOSE] [DOM] Input elements should have autocomplete attributes (suggested: "current-password"): (More info: https://goo.gl/9p2vKq) @ http://localhost:8080/common/layout/login.zul:0
[   66054ms] [WARNING] Ignoring Event: exclusion rule @ https://opencollective.com/_next/static/chunks/appCommon-a84c390c4a78a3d2.js:13
[   66155ms] [WARNING] Ignoring Event: exclusion rule @ https://opencollective.com/_next/static/chunks/appCommon-a84c390c4a78a3d2.js:13
[   70129ms] [LOG] LegendResize @ http://localhost:8080/zkau/web/_zv1.6.1/js/ganttz.wpd:665
[   70180ms] [ERROR] Failed to load resource: the server responded with a status of 404 (Not Found) @ http://localhost:8080/planner/__history__.html?0:0
[   90111ms] [LOG] LegendResize @ http://localhost:8080/zkau/web/_zv1.6.1/js/ganttz.wpd:665
[  281729ms] [ERROR] Failed to load resource: net::ERR_CONNECTION_REFUSED @ http://localhost:8080/zkau:0
[  283229ms] [ERROR] Failed to load resource: net::ERR_CONNECTION_REFUSED @ http://localhost:8080/zkau:0
[  284729ms] [ERROR] Failed to load resource: net::ERR_CONNECTION_REFUSED @ http://localhost:8080/zkau:0
[  286229ms] [ERROR] Failed to load resource: net::ERR_CONNECTION_REFUSED @ http://localhost:8080/zkau:0
[  287729ms] [ERROR] Failed to load resource: net::ERR_CONNECTION_REFUSED @ http://localhost:8080/zkau:0
[  289229ms] [ERROR] Failed to load resource: net::ERR_CONNECTION_REFUSED @ http://localhost:8080/zkau:0
[  290051ms] [ERROR] Failed to load resource: net::ERR_CONNECTION_REFUSED @ http://localhost:8080/zkau:0
[  290305ms] [ERROR] Failed to load resource: net::ERR_CONNECTION_REFUSED @ http://localhost:8080/zkau:0
[  291230ms] [ERROR] Failed to load resource: net::ERR_CONNECTION_REFUSED @ http://localhost:8080/zkau:0
[  292730ms] [ERROR] Failed to load resource: net::ERR_CONNECTION_REFUSED @ http://localhost:8080/zkau:0
[  294229ms] [ERROR] Failed to load resource: net::ERR_CONNECTION_REFUSED @ http://localhost:8080/zkau:0
[  295730ms] [ERROR] Failed to load resource: net::ERR_CONNECTION_REFUSED @ http://localhost:8080/zkau:0
[  297230ms] [ERROR] Failed to load resource: net::ERR_CONNECTION_REFUSED @ http://localhost:8080/zkau:0
[  298730ms] [ERROR] Failed to load resource: net::ERR_CONNECTION_REFUSED @ http://localhost:8080/zkau:0
[  300230ms] [ERROR] Failed to load resource: net::ERR_CONNECTION_REFUSED @ http://localhost:8080/zkau:0
[  301730ms] [ERROR] Failed to load resource: net::ERR_CONNECTION_REFUSED @ http://localhost:8080/zkau:0
[  303230ms] [ERROR] Failed to load resource: net::ERR_CONNECTION_REFUSED @ http://localhost:8080/zkau:0
